// Jest Snapshot v1, https://goo.gl/fbAQLP

exports[`LoginPage should render correctly 1`] = `
<DocumentFragment>
  <div
    class="main--container"
  >
    <div
      class="left--container"
    >
      <div
        class="text--container"
      >
        <h1>
          Design APIs fast,
        </h1>
        <h1>
          Manage content easily
        </h1>
      </div>
      <div
        class="circle"
      />
      <div
        class="circle"
      />
      <div
        class="image--container"
      >
        <img
          alt=""
          src="people.png"
        />
      </div>
    </div>
    <div
      class="right--container"
    >
      <h1>
        Login to your CMS+ account
      </h1>
      <form
        action=""
        class="form--container"
      >
        <p>
          Email
        </p>
        <input
          autocomplete="off"
          name="email"
          type="email"
          value=""
        />
        <p>
          Password
        </p>
        <input
          autocomplete="off"
          name="password"
          type="password"
          value=""
        />
        <button
          type="submit"
        >
          Login
        </button>
        <p>
          Forgot password ? 
        </p>
      </form>
    </div>
  </div>
</DocumentFragment>
`;
