// Jest Snapshot v1, https://goo.gl/fbAQLP

exports[`Viewbar should render correctly 1`] = `
<DocumentFragment>
  <div
    class="viewbar--container"
  >
    <div
      class="viewbar--header"
    >
      CMS+
    </div>
    <div
      class="viewbar--types"
    >
      <h1>
        Collection Types
      </h1>
      <img
        alt=""
        src="icon.png"
      />
    </div>
    <div
      class="viewbar--contents"
    >
      <li>
        CMS+
      </li>
      <li>
        CMS+
      </li>
    </div>
    <div
      class="builder"
    >
      <h2>
         Content type builder
      </h2>
    </div>
  </div>
</DocumentFragment>
`;
